هذا ملف اختبار تم إنشاؤه بواسطة test_script.py
تاريخ الإنشاء (من النظام): Windows
